{"session_id": "762f4532-256a-4cae-8083-551ecf2b4917", "event": "poi_session_end", "poi_id": "34", "poi_name": "Chunchi Falls", "variant": "text", "audio_play_ratio": 0.076, "scroll_depth": 0.082, "time_on_card": 46.85, "image_views": 0, "reward": 0, "ts": 1760761596.46228}
{"session_id": "762f4532-256a-4cae-8083-551ecf2b4917", "event": "poi_session_end", "poi_id": "1", "poi_name": "Bangalore Palace", "variant": "text", "audio_play_ratio": 0.07, "scroll_depth": 0.838, "time_on_card": 22.21, "image_views": 1, "reward": 1, "ts": 1760761596.4622889}
{"session_id": "762f4532-256a-4cae-8083-551ecf2b4917", "event": "poi_session_end", "poi_id": "4", "poi_name": "Tipu Sultan's Summer Palace", "variant": "audio", "audio_play_ratio": 0.702, "scroll_depth": 0.027, "time_on_card": 128.31, "image_views": 0, "reward": 1, "ts": 1760761596.462294}
{"session_id": "762f4532-256a-4cae-8083-551ecf2b4917", "event": "poi_session_end", "poi_id": "30", "poi_name": "Bangalore Turf Club", "variant": "images", "audio_play_ratio": 0.037, "scroll_depth": 0.394, "time_on_card": 5.34, "image_views": 2, "reward": 1, "ts": 1760761596.4622982}
{"session_id": "762f4532-256a-4cae-8083-551ecf2b4917", "event": "poi_session_end", "poi_id": "62", "poi_name": "Bugle Rock Park", "variant": "audio", "audio_play_ratio": 0.803, "scroll_depth": 0.24, "time_on_card": 88.9, "image_views": 0, "reward": 1, "ts": 1760761596.462302}
{"session_id": "762f4532-256a-4cae-8083-551ecf2b4917", "event": "poi_session_end", "poi_id": "52", "poi_name": "Madiwala Lake", "variant": "images", "audio_play_ratio": 0.165, "scroll_depth": 0.224, "time_on_card": 60.66, "image_views": 4, "reward": 1, "ts": 1760761596.462305}
{"session_id": "762f4532-256a-4cae-8083-551ecf2b4917", "event": "poi_session_end", "poi_id": "41", "poi_name": "KR Market", "variant": "text", "audio_play_ratio": 0.027, "scroll_depth": 0.691, "time_on_card": 31.23, "image_views": 0, "reward": 1, "ts": 1760761596.4623082}
{"session_id": "a23e1888-a216-43dc-ae17-435a2d0239ef", "event": "poi_session_end", "poi_id": "62", "poi_name": "Bugle Rock Park", "variant": "audio", "audio_play_ratio": 0.871, "scroll_depth": 0.242, "time_on_card": 34.36, "image_views": 1, "reward": 1, "ts": 1760761596.4623628}
{"session_id": "a23e1888-a216-43dc-ae17-435a2d0239ef", "event": "poi_session_end", "poi_id": "67", "poi_name": "Jamia Masjid, City Market", "variant": "audio", "audio_play_ratio": 0.641, "scroll_depth": 0.221, "time_on_card": 100.29, "image_views": 1, "reward": 1, "ts": 1760761596.4623659}
{"session_id": "a23e1888-a216-43dc-ae17-435a2d0239ef", "event": "poi_session_end", "poi_id": "70", "poi_name": "Bangalore Aquarium", "variant": "audio", "audio_play_ratio": 0.645, "scroll_depth": 0.06, "time_on_card": 134.17, "image_views": 0, "reward": 1, "ts": 1760761596.462369}
{"session_id": "a23e1888-a216-43dc-ae17-435a2d0239ef", "event": "poi_session_end", "poi_id": "19", "poi_name": "Indira Gandhi Musical Fountain Park", "variant": "images", "audio_play_ratio": 0.021, "scroll_depth": 0.355, "time_on_card": 81.03, "image_views": 1, "reward": 0, "ts": 1760761596.462372}
{"session_id": "a23e1888-a216-43dc-ae17-435a2d0239ef", "event": "poi_session_end", "poi_id": "70", "poi_name": "Bangalore Aquarium", "variant": "audio", "audio_play_ratio": 0.259, "scroll_depth": 0.002, "time_on_card": 57.82, "image_views": 0, "reward": 0, "ts": 1760761596.462375}
{"session_id": "a23e1888-a216-43dc-ae17-435a2d0239ef", "event": "poi_session_end", "poi_id": "46", "poi_name": "Indian Music Experience Museum", "variant": "images", "audio_play_ratio": 0.066, "scroll_depth": 0.392, "time_on_card": 67.14, "image_views": 2, "reward": 1, "ts": 1760761596.462378}
{"session_id": "a23e1888-a216-43dc-ae17-435a2d0239ef", "event": "poi_session_end", "poi_id": "34", "poi_name": "Chunchi Falls", "variant": "images", "audio_play_ratio": 0.109, "scroll_depth": 0.084, "time_on_card": 97.35, "image_views": 3, "reward": 1, "ts": 1760761596.46238}
{"session_id": "a23e1888-a216-43dc-ae17-435a2d0239ef", "event": "poi_session_end", "poi_id": "65", "poi_name": "Venkatappa Art Gallery", "variant": "images", "audio_play_ratio": 0.052, "scroll_depth": 0.17, "time_on_card": 99.69, "image_views": 0, "reward": 0, "ts": 1760761596.462383}
{"session_id": "970a4ec5-4c32-48cf-be83-c20e5327d626", "event": "poi_session_end", "poi_id": "31", "poi_name": "Government Museum", "variant": "audio", "audio_play_ratio": 0.088, "scroll_depth": 0.291, "time_on_card": 125.7, "image_views": 1, "reward": 0, "ts": 1760761596.462421}
{"session_id": "970a4ec5-4c32-48cf-be83-c20e5327d626", "event": "poi_session_end", "poi_id": "57", "poi_name": "Muthyala Maduvu (Pearl Valley)", "variant": "text", "audio_play_ratio": 0.052, "scroll_depth": 0.545, "time_on_card": 111.47, "image_views": 1, "reward": 0, "ts": 1760761596.462424}
{"session_id": "970a4ec5-4c32-48cf-be83-c20e5327d626", "event": "poi_session_end", "poi_id": "23", "poi_name": "Dodda Ganesha Temple", "variant": "text", "audio_play_ratio": 0.137, "scroll_depth": 0.439, "time_on_card": 106.37, "image_views": 0, "reward": 0, "ts": 1760761596.462427}
{"session_id": "970a4ec5-4c32-48cf-be83-c20e5327d626", "event": "poi_session_end", "poi_id": "48", "poi_name": "Kempegowda Museum", "variant": "text", "audio_play_ratio": 0.166, "scroll_depth": 0.263, "time_on_card": 96.93, "image_views": 1, "reward": 0, "ts": 1760761596.46243}
{"session_id": "970a4ec5-4c32-48cf-be83-c20e5327d626", "event": "poi_session_end", "poi_id": "9", "poi_name": "Attara Kacheri (High Court)", "variant": "images", "audio_play_ratio": 0.162, "scroll_depth": 0.173, "time_on_card": 63.22, "image_views": 5, "reward": 1, "ts": 1760761596.462432}
{"session_id": "970a4ec5-4c32-48cf-be83-c20e5327d626", "event": "poi_session_end", "poi_id": "59", "poi_name": "Gurudwara Sri Guru Singh Sabha, Ulsoor", "variant": "text", "audio_play_ratio": 0.155, "scroll_depth": 0.687, "time_on_card": 29.77, "image_views": 0, "reward": 1, "ts": 1760761596.462435}
{"session_id": "970a4ec5-4c32-48cf-be83-c20e5327d626", "event": "poi_session_end", "poi_id": "17", "poi_name": "Karnataka Chitrakala Parishath", "variant": "text", "audio_play_ratio": 0.001, "scroll_depth": 0.411, "time_on_card": 39.62, "image_views": 1, "reward": 0, "ts": 1760761596.4624372}
{"session_id": "0308020d-6dfb-41a4-8dbe-10c93a258ca3", "event": "poi_session_end", "poi_id": "59", "poi_name": "Gurudwara Sri Guru Singh Sabha, Ulsoor", "variant": "text", "audio_play_ratio": 0.149, "scroll_depth": 0.532, "time_on_card": 34.94, "image_views": 0, "reward": 0, "ts": 1760761596.4624698}
{"session_id": "0308020d-6dfb-41a4-8dbe-10c93a258ca3", "event": "poi_session_end", "poi_id": "64", "poi_name": "Chowdiah Memorial Hall", "variant": "images", "audio_play_ratio": 0.061, "scroll_depth": 0.28, "time_on_card": 107.07, "image_views": 0, "reward": 0, "ts": 1760761596.462473}
{"session_id": "0308020d-6dfb-41a4-8dbe-10c93a258ca3", "event": "poi_session_end", "poi_id": "18", "poi_name": "M. Chinnaswamy Stadium", "variant": "audio", "audio_play_ratio": 0.347, "scroll_depth": 0.05, "time_on_card": 58.87, "image_views": 1, "reward": 0, "ts": 1760761596.462475}
{"session_id": "0308020d-6dfb-41a4-8dbe-10c93a258ca3", "event": "poi_session_end", "poi_id": "9", "poi_name": "Attara Kacheri (High Court)", "variant": "images", "audio_play_ratio": 0.125, "scroll_depth": 0.07, "time_on_card": 18.37, "image_views": 5, "reward": 1, "ts": 1760761596.4624782}
{"session_id": "0308020d-6dfb-41a4-8dbe-10c93a258ca3", "event": "poi_session_end", "poi_id": "47", "poi_name": "Gandhi Bhavan", "variant": "audio", "audio_play_ratio": 0.326, "scroll_depth": 0.017, "time_on_card": 53.88, "image_views": 1, "reward": 0, "ts": 1760761596.4624808}
{"session_id": "b357b5a3-de74-4bbc-af6a-a787f48a9d59", "event": "poi_session_end", "poi_id": "61", "poi_name": "Lumbini Gardens", "variant": "audio", "audio_play_ratio": 0.067, "scroll_depth": 0.191, "time_on_card": 8.57, "image_views": 0, "reward": 0, "ts": 1760761596.4625049}
{"session_id": "b357b5a3-de74-4bbc-af6a-a787f48a9d59", "event": "poi_session_end", "poi_id": "65", "poi_name": "Venkatappa Art Gallery", "variant": "audio", "audio_play_ratio": 0.092, "scroll_depth": 0.213, "time_on_card": 74.28, "image_views": 1, "reward": 0, "ts": 1760761596.462508}
{"session_id": "b357b5a3-de74-4bbc-af6a-a787f48a9d59", "event": "poi_session_end", "poi_id": "15", "poi_name": "Jawaharlal Nehru Planetarium", "variant": "audio", "audio_play_ratio": 0.805, "scroll_depth": 0.002, "time_on_card": 115.44, "image_views": 1, "reward": 1, "ts": 1760761596.462511}
{"session_id": "b357b5a3-de74-4bbc-af6a-a787f48a9d59", "event": "poi_session_end", "poi_id": "23", "poi_name": "Dodda Ganesha Temple", "variant": "audio", "audio_play_ratio": 0.759, "scroll_depth": 0.114, "time_on_card": 115.5, "image_views": 0, "reward": 1, "ts": 1760761596.462513}
{"session_id": "b357b5a3-de74-4bbc-af6a-a787f48a9d59", "event": "poi_session_end", "poi_id": "34", "poi_name": "Chunchi Falls", "variant": "audio", "audio_play_ratio": 0.565, "scroll_depth": 0.067, "time_on_card": 54.77, "image_views": 0, "reward": 0, "ts": 1760761596.462516}
{"session_id": "b357b5a3-de74-4bbc-af6a-a787f48a9d59", "event": "poi_session_end", "poi_id": "59", "poi_name": "Gurudwara Sri Guru Singh Sabha, Ulsoor", "variant": "images", "audio_play_ratio": 0.063, "scroll_depth": 0.392, "time_on_card": 94.92, "image_views": 4, "reward": 1, "ts": 1760761596.462518}
{"session_id": "81c85ed1-63c4-4ee5-8af0-7e3cdd1bd491", "event": "poi_session_end", "poi_id": "71", "poi_name": "Chokkanathaswamy Temple, Domlur", "variant": "text", "audio_play_ratio": 0.189, "scroll_depth": 0.433, "time_on_card": 38.08, "image_views": 1, "reward": 0, "ts": 1760761596.462911}
{"session_id": "81c85ed1-63c4-4ee5-8af0-7e3cdd1bd491", "event": "poi_session_end", "poi_id": "13", "poi_name": "Gavi Gangadhareshwara Temple", "variant": "text", "audio_play_ratio": 0.16, "scroll_depth": 0.733, "time_on_card": 109.22, "image_views": 0, "reward": 1, "ts": 1760761596.462914}
{"session_id": "81c85ed1-63c4-4ee5-8af0-7e3cdd1bd491", "event": "poi_session_end", "poi_id": "48", "poi_name": "Kempegowda Museum", "variant": "audio", "audio_play_ratio": 0.534, "scroll_depth": 0.249, "time_on_card": 108.37, "image_views": 0, "reward": 0, "ts": 1760761596.4629161}
{"session_id": "81c85ed1-63c4-4ee5-8af0-7e3cdd1bd491", "event": "poi_session_end", "poi_id": "65", "poi_name": "Venkatappa Art Gallery", "variant": "images", "audio_play_ratio": 0.049, "scroll_depth": 0.29, "time_on_card": 73.49, "image_views": 1, "reward": 0, "ts": 1760761596.462919}
{"session_id": "81c85ed1-63c4-4ee5-8af0-7e3cdd1bd491", "event": "poi_session_end", "poi_id": "20", "poi_name": "Freedom Park", "variant": "audio", "audio_play_ratio": 0.885, "scroll_depth": 0.27, "time_on_card": 107.8, "image_views": 0, "reward": 1, "ts": 1760761596.462922}
{"session_id": "81c85ed1-63c4-4ee5-8af0-7e3cdd1bd491", "event": "poi_session_end", "poi_id": "3", "poi_name": "Lalbagh Botanical Garden", "variant": "audio", "audio_play_ratio": 0.922, "scroll_depth": 0.007, "time_on_card": 139.05, "image_views": 0, "reward": 1, "ts": 1760761596.462924}
{"session_id": "81c85ed1-63c4-4ee5-8af0-7e3cdd1bd491", "event": "poi_session_end", "poi_id": "73", "poi_name": "Hesaraghatta Lake", "variant": "audio", "audio_play_ratio": 0.245, "scroll_depth": 0.237, "time_on_card": 78.18, "image_views": 0, "reward": 0, "ts": 1760761596.462927}
{"session_id": "81c85ed1-63c4-4ee5-8af0-7e3cdd1bd491", "event": "poi_session_end", "poi_id": "25", "poi_name": "Devanahalli Fort", "variant": "text", "audio_play_ratio": 0.128, "scroll_depth": 0.817, "time_on_card": 82.52, "image_views": 1, "reward": 1, "ts": 1760761596.462929}
{"session_id": "107971c7-5f1a-4685-b56e-b02a57be8b75", "event": "poi_session_end", "poi_id": "39", "poi_name": "National Law School of India University (NLSIU)", "variant": "text", "audio_play_ratio": 0.114, "scroll_depth": 0.39, "time_on_card": 39.07, "image_views": 0, "reward": 0, "ts": 1760761596.4629629}
{"session_id": "107971c7-5f1a-4685-b56e-b02a57be8b75", "event": "poi_session_end", "poi_id": "24", "poi_name": "Sankey Tank", "variant": "text", "audio_play_ratio": 0.018, "scroll_depth": 0.68, "time_on_card": 7.09, "image_views": 1, "reward": 1, "ts": 1760761596.462966}
{"session_id": "107971c7-5f1a-4685-b56e-b02a57be8b75", "event": "poi_session_end", "poi_id": "6", "poi_name": "ISKCON Temple Bangalore", "variant": "text", "audio_play_ratio": 0.146, "scroll_depth": 0.766, "time_on_card": 110.18, "image_views": 0, "reward": 1, "ts": 1760761596.462968}
{"session_id": "107971c7-5f1a-4685-b56e-b02a57be8b75", "event": "poi_session_end", "poi_id": "46", "poi_name": "Indian Music Experience Museum", "variant": "audio", "audio_play_ratio": 0.289, "scroll_depth": 0.229, "time_on_card": 28.29, "image_views": 1, "reward": 0, "ts": 1760761596.462971}
{"session_id": "107971c7-5f1a-4685-b56e-b02a57be8b75", "event": "poi_session_end", "poi_id": "66", "poi_name": "NIMHANS Brain Museum", "variant": "images", "audio_play_ratio": 0.092, "scroll_depth": 0.323, "time_on_card": 15.44, "image_views": 1, "reward": 0, "ts": 1760761596.4629729}
{"session_id": "1903565d-be4c-4ee3-b70c-d5a8f1d787f3", "event": "poi_session_end", "poi_id": "61", "poi_name": "Lumbini Gardens", "variant": "images", "audio_play_ratio": 0.135, "scroll_depth": 0.311, "time_on_card": 73.99, "image_views": 3, "reward": 1, "ts": 1760761596.462997}
{"session_id": "1903565d-be4c-4ee3-b70c-d5a8f1d787f3", "event": "poi_session_end", "poi_id": "45", "poi_name": "Kempegowda Tower", "variant": "text", "audio_play_ratio": 0.107, "scroll_depth": 0.64, "time_on_card": 62.07, "image_views": 1, "reward": 1, "ts": 1760761596.463}
{"session_id": "1903565d-be4c-4ee3-b70c-d5a8f1d787f3", "event": "poi_session_end", "poi_id": "18", "poi_name": "M. Chinnaswamy Stadium", "variant": "images", "audio_play_ratio": 0.192, "scroll_depth": 0.028, "time_on_card": 60.23, "image_views": 1, "reward": 0, "ts": 1760761596.463003}
{"session_id": "1903565d-be4c-4ee3-b70c-d5a8f1d787f3", "event": "poi_session_end", "poi_id": "35", "poi_name": "Mekedatu", "variant": "text", "audio_play_ratio": 0.015, "scroll_depth": 0.609, "time_on_card": 113.12, "image_views": 0, "reward": 1, "ts": 1760761596.4630048}
{"session_id": "1903565d-be4c-4ee3-b70c-d5a8f1d787f3", "event": "poi_session_end", "poi_id": "60", "poi_name": "National Military Memorial Park", "variant": "text", "audio_play_ratio": 0.124, "scroll_depth": 0.128, "time_on_card": 51.13, "image_views": 1, "reward": 0, "ts": 1760761596.463008}
{"session_id": "1903565d-be4c-4ee3-b70c-d5a8f1d787f3", "event": "poi_session_end", "poi_id": "27", "poi_name": "Art of Living International Center", "variant": "images", "audio_play_ratio": 0.17, "scroll_depth": 0.065, "time_on_card": 65.48, "image_views": 4, "reward": 1, "ts": 1760761596.463011}
{"session_id": "1903565d-be4c-4ee3-b70c-d5a8f1d787f3", "event": "poi_session_end", "poi_id": "3", "poi_name": "Lalbagh Botanical Garden", "variant": "audio", "audio_play_ratio": 0.632, "scroll_depth": 0.241, "time_on_card": 98.2, "image_views": 1, "reward": 1, "ts": 1760761596.4630132}
{"session_id": "4b7b3a28-f44d-4c62-954c-d1ecb5a8c3c7", "event": "poi_session_end", "poi_id": "4", "poi_name": "Tipu Sultan's Summer Palace", "variant": "text", "audio_play_ratio": 0.167, "scroll_depth": 0.45, "time_on_card": 72.48, "image_views": 1, "reward": 0, "ts": 1760761596.463043}
{"session_id": "4b7b3a28-f44d-4c62-954c-d1ecb5a8c3c7", "event": "poi_session_end", "poi_id": "33", "poi_name": "Shivoham Shiva Temple", "variant": "text", "audio_play_ratio": 0.172, "scroll_depth": 0.536, "time_on_card": 29.86, "image_views": 0, "reward": 0, "ts": 1760761596.4630458}
{"session_id": "4b7b3a28-f44d-4c62-954c-d1ecb5a8c3c7", "event": "poi_session_end", "poi_id": "4", "poi_name": "Tipu Sultan's Summer Palace", "variant": "text", "audio_play_ratio": 0.151, "scroll_depth": 0.122, "time_on_card": 17.52, "image_views": 1, "reward": 0, "ts": 1760761596.463049}
{"session_id": "4b7b3a28-f44d-4c62-954c-d1ecb5a8c3c7", "event": "poi_session_end", "poi_id": "69", "poi_name": "Mayo Hall", "variant": "images", "audio_play_ratio": 0.084, "scroll_depth": 0.39, "time_on_card": 82.43, "image_views": 1, "reward": 0, "ts": 1760761596.463051}
{"session_id": "f3eb187c-7a54-4785-89c2-e026e272da90", "event": "poi_session_end", "poi_id": "39", "poi_name": "National Law School of India University (NLSIU)", "variant": "audio", "audio_play_ratio": 0.334, "scroll_depth": 0.07, "time_on_card": 101.03, "image_views": 1, "reward": 0, "ts": 1760761596.463072}
{"session_id": "f3eb187c-7a54-4785-89c2-e026e272da90", "event": "poi_session_end", "poi_id": "1", "poi_name": "Bangalore Palace", "variant": "images", "audio_play_ratio": 0.014, "scroll_depth": 0.385, "time_on_card": 80.56, "image_views": 2, "reward": 1, "ts": 1760761596.463074}
{"session_id": "f3eb187c-7a54-4785-89c2-e026e272da90", "event": "poi_session_end", "poi_id": "17", "poi_name": "Karnataka Chitrakala Parishath", "variant": "text", "audio_play_ratio": 0.064, "scroll_depth": 0.772, "time_on_card": 112.3, "image_views": 1, "reward": 1, "ts": 1760761596.463077}
{"session_id": "f3eb187c-7a54-4785-89c2-e026e272da90", "event": "poi_session_end", "poi_id": "17", "poi_name": "Karnataka Chitrakala Parishath", "variant": "text", "audio_play_ratio": 0.108, "scroll_depth": 0.899, "time_on_card": 88.92, "image_views": 1, "reward": 1, "ts": 1760761596.46308}
{"session_id": "f3eb187c-7a54-4785-89c2-e026e272da90", "event": "poi_session_end", "poi_id": "56", "poi_name": "Big Banyan Tree (Dodda Alada Mara)", "variant": "audio", "audio_play_ratio": 0.356, "scroll_depth": 0.238, "time_on_card": 23.93, "image_views": 1, "reward": 0, "ts": 1760761596.463082}
{"session_id": "f3eb187c-7a54-4785-89c2-e026e272da90", "event": "poi_session_end", "poi_id": "39", "poi_name": "National Law School of India University (NLSIU)", "variant": "audio", "audio_play_ratio": 0.668, "scroll_depth": 0.147, "time_on_card": 133.04, "image_views": 1, "reward": 1, "ts": 1760761596.4630852}
{"session_id": "f3eb187c-7a54-4785-89c2-e026e272da90", "event": "poi_session_end", "poi_id": "35", "poi_name": "Mekedatu", "variant": "audio", "audio_play_ratio": 0.222, "scroll_depth": 0.096, "time_on_card": 133.77, "image_views": 0, "reward": 0, "ts": 1760761596.463087}
{"session_id": "f3eb187c-7a54-4785-89c2-e026e272da90", "event": "poi_session_end", "poi_id": "50", "poi_name": "Kadu Malleshwara Temple, Malleshwaram", "variant": "audio", "audio_play_ratio": 0.492, "scroll_depth": 0.06, "time_on_card": 129.06, "image_views": 0, "reward": 0, "ts": 1760761596.46309}
{"session_id": "4c43eed3-b7ca-4155-89a9-11970cc39d18", "event": "poi_session_end", "poi_id": "32", "poi_name": "Nandi Hills", "variant": "images", "audio_play_ratio": 0.064, "scroll_depth": 0.245, "time_on_card": 111.75, "image_views": 2, "reward": 1, "ts": 1760761596.4631438}
{"session_id": "4c43eed3-b7ca-4155-89a9-11970cc39d18", "event": "poi_session_end", "poi_id": "16", "poi_name": "Ulsoor Lake", "variant": "images", "audio_play_ratio": 0.084, "scroll_depth": 0.184, "time_on_card": 118.98, "image_views": 1, "reward": 0, "ts": 1760761596.463147}
{"session_id": "4c43eed3-b7ca-4155-89a9-11970cc39d18", "event": "poi_session_end", "poi_id": "62", "poi_name": "Bugle Rock Park", "variant": "images", "audio_play_ratio": 0.027, "scroll_depth": 0.147, "time_on_card": 119.37, "image_views": 0, "reward": 0, "ts": 1760761596.46315}
{"session_id": "2c6f430c-9580-48f7-b26c-fb70a6bdd1d2", "event": "poi_session_end", "poi_id": "40", "poi_name": "Kanteerava Indoor Stadium", "variant": "audio", "audio_play_ratio": 0.146, "scroll_depth": 0.177, "time_on_card": 99.12, "image_views": 0, "reward": 0, "ts": 1760761596.463167}
{"session_id": "2c6f430c-9580-48f7-b26c-fb70a6bdd1d2", "event": "poi_session_end", "poi_id": "25", "poi_name": "Devanahalli Fort", "variant": "text", "audio_play_ratio": 0.029, "scroll_depth": 0.231, "time_on_card": 86.58, "image_views": 0, "reward": 0, "ts": 1760761596.463169}
{"session_id": "2c6f430c-9580-48f7-b26c-fb70a6bdd1d2", "event": "poi_session_end", "poi_id": "27", "poi_name": "Art of Living International Center", "variant": "images", "audio_play_ratio": 0.154, "scroll_depth": 0.154, "time_on_card": 86.26, "image_views": 2, "reward": 1, "ts": 1760761596.4631722}
{"session_id": "2c6f430c-9580-48f7-b26c-fb70a6bdd1d2", "event": "poi_session_end", "poi_id": "10", "poi_name": "St. Mary's Basilica", "variant": "audio", "audio_play_ratio": 0.488, "scroll_depth": 0.063, "time_on_card": 88.47, "image_views": 0, "reward": 0, "ts": 1760761596.4631748}
{"session_id": "0a52f47f-cc09-4da5-a1e0-330d62ff2f47", "event": "poi_session_end", "poi_id": "62", "poi_name": "Bugle Rock Park", "variant": "audio", "audio_play_ratio": 0.889, "scroll_depth": 0.013, "time_on_card": 73.9, "image_views": 1, "reward": 1, "ts": 1760761596.4631941}
{"session_id": "0a52f47f-cc09-4da5-a1e0-330d62ff2f47", "event": "poi_session_end", "poi_id": "3", "poi_name": "Lalbagh Botanical Garden", "variant": "audio", "audio_play_ratio": 0.194, "scroll_depth": 0.295, "time_on_card": 127.94, "image_views": 1, "reward": 0, "ts": 1760761596.463197}
{"session_id": "0a52f47f-cc09-4da5-a1e0-330d62ff2f47", "event": "poi_session_end", "poi_id": "30", "poi_name": "Bangalore Turf Club", "variant": "images", "audio_play_ratio": 0.012, "scroll_depth": 0.365, "time_on_card": 76.2, "image_views": 2, "reward": 1, "ts": 1760761596.4632}
{"session_id": "0a52f47f-cc09-4da5-a1e0-330d62ff2f47", "event": "poi_session_end", "poi_id": "59", "poi_name": "Gurudwara Sri Guru Singh Sabha, Ulsoor", "variant": "audio", "audio_play_ratio": 0.351, "scroll_depth": 0.152, "time_on_card": 62.55, "image_views": 1, "reward": 0, "ts": 1760761596.463203}
{"session_id": "0a52f47f-cc09-4da5-a1e0-330d62ff2f47", "event": "poi_session_end", "poi_id": "28", "poi_name": "Pyramid Valley International", "variant": "text", "audio_play_ratio": 0.096, "scroll_depth": 0.423, "time_on_card": 60.57, "image_views": 0, "reward": 0, "ts": 1760761596.463205}
{"session_id": "ef6c0f3b-992f-46a9-be3c-d44152dc0662", "event": "poi_session_end", "poi_id": "34", "poi_name": "Chunchi Falls", "variant": "text", "audio_play_ratio": 0.176, "scroll_depth": 0.233, "time_on_card": 83.81, "image_views": 0, "reward": 0, "ts": 1760761596.463228}
{"session_id": "ef6c0f3b-992f-46a9-be3c-d44152dc0662", "event": "poi_session_end", "poi_id": "7", "poi_name": "Bull Temple (Dodda Basavana Gudi)", "variant": "audio", "audio_play_ratio": 0.902, "scroll_depth": 0.272, "time_on_card": 21.09, "image_views": 0, "reward": 1, "ts": 1760761596.463231}
{"session_id": "ef6c0f3b-992f-46a9-be3c-d44152dc0662", "event": "poi_session_end", "poi_id": "29", "poi_name": "Ragigudda Sri Prasanna Anjaneyaswamy Temple", "variant": "audio", "audio_play_ratio": 0.538, "scroll_depth": 0.124, "time_on_card": 85.45, "image_views": 0, "reward": 0, "ts": 1760761596.463234}
{"session_id": "ef6c0f3b-992f-46a9-be3c-d44152dc0662", "event": "poi_session_end", "poi_id": "24", "poi_name": "Sankey Tank", "variant": "audio", "audio_play_ratio": 0.251, "scroll_depth": 0.295, "time_on_card": 87.23, "image_views": 0, "reward": 0, "ts": 1760761596.463236}
{"session_id": "ef6c0f3b-992f-46a9-be3c-d44152dc0662", "event": "poi_session_end", "poi_id": "30", "poi_name": "Bangalore Turf Club", "variant": "audio", "audio_play_ratio": 0.944, "scroll_depth": 0.026, "time_on_card": 85.61, "image_views": 0, "reward": 1, "ts": 1760761596.463239}
{"session_id": "ef6c0f3b-992f-46a9-be3c-d44152dc0662", "event": "poi_session_end", "poi_id": "27", "poi_name": "Art of Living International Center", "variant": "text", "audio_play_ratio": 0.022, "scroll_depth": 0.471, "time_on_card": 109.95, "image_views": 0, "reward": 0, "ts": 1760761596.463242}
{"session_id": "d80756ab-e622-4f16-be6d-5e6bef646f15", "event": "poi_session_end", "poi_id": "57", "poi_name": "Muthyala Maduvu (Pearl Valley)", "variant": "text", "audio_play_ratio": 0.142, "scroll_depth": 0.702, "time_on_card": 50.16, "image_views": 0, "reward": 1, "ts": 1760761596.4632692}
{"session_id": "d80756ab-e622-4f16-be6d-5e6bef646f15", "event": "poi_session_end", "poi_id": "35", "poi_name": "Mekedatu", "variant": "text", "audio_play_ratio": 0.068, "scroll_depth": 0.704, "time_on_card": 12.33, "image_views": 0, "reward": 1, "ts": 1760761596.463271}
{"session_id": "d80756ab-e622-4f16-be6d-5e6bef646f15", "event": "poi_session_end", "poi_id": "3", "poi_name": "Lalbagh Botanical Garden", "variant": "audio", "audio_play_ratio": 0.331, "scroll_depth": 0.096, "time_on_card": 119.27, "image_views": 0, "reward": 0, "ts": 1760761596.463274}
{"session_id": "d80756ab-e622-4f16-be6d-5e6bef646f15", "event": "poi_session_end", "poi_id": "32", "poi_name": "Nandi Hills", "variant": "audio", "audio_play_ratio": 0.158, "scroll_depth": 0.039, "time_on_card": 47.56, "image_views": 1, "reward": 0, "ts": 1760761596.4632761}
{"session_id": "d80756ab-e622-4f16-be6d-5e6bef646f15", "event": "poi_session_end", "poi_id": "54", "poi_name": "Skandagiri Hills", "variant": "text", "audio_play_ratio": 0.045, "scroll_depth": 0.701, "time_on_card": 65.62, "image_views": 1, "reward": 1, "ts": 1760761596.463279}
{"session_id": "ad65807b-55bb-44e4-944b-d17805ff2b5a", "event": "poi_session_end", "poi_id": "69", "poi_name": "Mayo Hall", "variant": "images", "audio_play_ratio": 0.036, "scroll_depth": 0.304, "time_on_card": 68.0, "image_views": 5, "reward": 1, "ts": 1760761596.463315}
{"session_id": "ad65807b-55bb-44e4-944b-d17805ff2b5a", "event": "poi_session_end", "poi_id": "41", "poi_name": "KR Market", "variant": "images", "audio_play_ratio": 0.03, "scroll_depth": 0.383, "time_on_card": 74.7, "image_views": 1, "reward": 0, "ts": 1760761596.463318}
{"session_id": "ad65807b-55bb-44e4-944b-d17805ff2b5a", "event": "poi_session_end", "poi_id": "37", "poi_name": "Bangalore University", "variant": "audio", "audio_play_ratio": 0.654, "scroll_depth": 0.171, "time_on_card": 106.5, "image_views": 1, "reward": 1, "ts": 1760761596.46332}
{"session_id": "ad65807b-55bb-44e4-944b-d17805ff2b5a", "event": "poi_session_end", "poi_id": "17", "poi_name": "Karnataka Chitrakala Parishath", "variant": "audio", "audio_play_ratio": 0.435, "scroll_depth": 0.051, "time_on_card": 93.27, "image_views": 0, "reward": 0, "ts": 1760761596.4633229}
{"session_id": "f6071558-973b-414f-b8a0-888aa1c03401", "event": "poi_session_end", "poi_id": "50", "poi_name": "Kadu Malleshwara Temple, Malleshwaram", "variant": "audio", "audio_play_ratio": 0.574, "scroll_depth": 0.197, "time_on_card": 57.4, "image_views": 0, "reward": 0, "ts": 1760761596.4633431}
{"session_id": "f6071558-973b-414f-b8a0-888aa1c03401", "event": "poi_session_end", "poi_id": "13", "poi_name": "Gavi Gangadhareshwara Temple", "variant": "audio", "audio_play_ratio": 0.439, "scroll_depth": 0.134, "time_on_card": 27.3, "image_views": 1, "reward": 0, "ts": 1760761596.4633448}
{"session_id": "f6071558-973b-414f-b8a0-888aa1c03401", "event": "poi_session_end", "poi_id": "60", "poi_name": "National Military Memorial Park", "variant": "images", "audio_play_ratio": 0.027, "scroll_depth": 0.163, "time_on_card": 53.92, "image_views": 2, "reward": 1, "ts": 1760761596.463348}
{"session_id": "f6071558-973b-414f-b8a0-888aa1c03401", "event": "poi_session_end", "poi_id": "2", "poi_name": "Vidhana Soudha", "variant": "text", "audio_play_ratio": 0.053, "scroll_depth": 0.643, "time_on_card": 79.11, "image_views": 1, "reward": 1, "ts": 1760761596.463351}
{"session_id": "f6071558-973b-414f-b8a0-888aa1c03401", "event": "poi_session_end", "poi_id": "55", "poi_name": "Nrityagram Dance Village", "variant": "audio", "audio_play_ratio": 0.641, "scroll_depth": 0.098, "time_on_card": 94.99, "image_views": 1, "reward": 1, "ts": 1760761596.4633532}
{"session_id": "f6071558-973b-414f-b8a0-888aa1c03401", "event": "poi_session_end", "poi_id": "19", "poi_name": "Indira Gandhi Musical Fountain Park", "variant": "audio", "audio_play_ratio": 0.07, "scroll_depth": 0.194, "time_on_card": 40.84, "image_views": 1, "reward": 0, "ts": 1760761596.463356}
{"session_id": "1d1705dd-5be5-47e3-a29d-f7cdfe0cc028", "event": "poi_session_end", "poi_id": "66", "poi_name": "NIMHANS Brain Museum", "variant": "images", "audio_play_ratio": 0.022, "scroll_depth": 0.131, "time_on_card": 32.05, "image_views": 0, "reward": 0, "ts": 1760761596.463382}
{"session_id": "1d1705dd-5be5-47e3-a29d-f7cdfe0cc028", "event": "poi_session_end", "poi_id": "62", "poi_name": "Bugle Rock Park", "variant": "audio", "audio_play_ratio": 0.128, "scroll_depth": 0.161, "time_on_card": 82.13, "image_views": 1, "reward": 0, "ts": 1760761596.463385}
{"session_id": "1d1705dd-5be5-47e3-a29d-f7cdfe0cc028", "event": "poi_session_end", "poi_id": "11", "poi_name": "National Gallery of Modern Art", "variant": "images", "audio_play_ratio": 0.004, "scroll_depth": 0.184, "time_on_card": 93.96, "image_views": 2, "reward": 1, "ts": 1760761596.4633868}
{"session_id": "1d1705dd-5be5-47e3-a29d-f7cdfe0cc028", "event": "poi_session_end", "poi_id": "23", "poi_name": "Dodda Ganesha Temple", "variant": "images", "audio_play_ratio": 0.118, "scroll_depth": 0.092, "time_on_card": 117.37, "image_views": 3, "reward": 1, "ts": 1760761596.4633899}
{"session_id": "1d1705dd-5be5-47e3-a29d-f7cdfe0cc028", "event": "poi_session_end", "poi_id": "10", "poi_name": "St. Mary's Basilica", "variant": "images", "audio_play_ratio": 0.039, "scroll_depth": 0.047, "time_on_card": 99.34, "image_views": 3, "reward": 1, "ts": 1760761596.463392}
{"session_id": "f7fd0cb8-92a5-4bdd-a9c2-6fb47ea0ecfc", "event": "poi_session_end", "poi_id": "56", "poi_name": "Big Banyan Tree (Dodda Alada Mara)", "variant": "text", "audio_play_ratio": 0.006, "scroll_depth": 0.762, "time_on_card": 29.12, "image_views": 0, "reward": 1, "ts": 1760761596.463416}
{"session_id": "f7fd0cb8-92a5-4bdd-a9c2-6fb47ea0ecfc", "event": "poi_session_end", "poi_id": "30", "poi_name": "Bangalore Turf Club", "variant": "audio", "audio_play_ratio": 0.233, "scroll_depth": 0.04, "time_on_card": 89.42, "image_views": 1, "reward": 0, "ts": 1760761596.463418}
{"session_id": "f7fd0cb8-92a5-4bdd-a9c2-6fb47ea0ecfc", "event": "poi_session_end", "poi_id": "18", "poi_name": "M. Chinnaswamy Stadium", "variant": "audio", "audio_play_ratio": 0.585, "scroll_depth": 0.04, "time_on_card": 118.93, "image_views": 1, "reward": 0, "ts": 1760761596.4634209}
{"session_id": "f7fd0cb8-92a5-4bdd-a9c2-6fb47ea0ecfc", "event": "poi_session_end", "poi_id": "33", "poi_name": "Shivoham Shiva Temple", "variant": "audio", "audio_play_ratio": 0.16, "scroll_depth": 0.092, "time_on_card": 117.69, "image_views": 1, "reward": 0, "ts": 1760761596.463423}
{"session_id": "f7fd0cb8-92a5-4bdd-a9c2-6fb47ea0ecfc", "event": "poi_session_end", "poi_id": "19", "poi_name": "Indira Gandhi Musical Fountain Park", "variant": "text", "audio_play_ratio": 0.065, "scroll_depth": 0.517, "time_on_card": 77.18, "image_views": 0, "reward": 0, "ts": 1760761596.463426}
{"session_id": "f7fd0cb8-92a5-4bdd-a9c2-6fb47ea0ecfc", "event": "poi_session_end", "poi_id": "41", "poi_name": "KR Market", "variant": "images", "audio_play_ratio": 0.103, "scroll_depth": 0.251, "time_on_card": 11.51, "image_views": 5, "reward": 1, "ts": 1760761596.463428}
{"session_id": "f7fd0cb8-92a5-4bdd-a9c2-6fb47ea0ecfc", "event": "poi_session_end", "poi_id": "65", "poi_name": "Venkatappa Art Gallery", "variant": "audio", "audio_play_ratio": 0.112, "scroll_depth": 0.172, "time_on_card": 38.7, "image_views": 0, "reward": 0, "ts": 1760761596.463431}
{"session_id": "014da10a-9774-4a17-bd93-dc85c3bc557d", "event": "poi_session_end", "poi_id": "64", "poi_name": "Chowdiah Memorial Hall", "variant": "text", "audio_play_ratio": 0.003, "scroll_depth": 0.319, "time_on_card": 44.94, "image_views": 0, "reward": 0, "ts": 1760761596.4634612}
{"session_id": "014da10a-9774-4a17-bd93-dc85c3bc557d", "event": "poi_session_end", "poi_id": "29", "poi_name": "Ragigudda Sri Prasanna Anjaneyaswamy Temple", "variant": "text", "audio_play_ratio": 0.188, "scroll_depth": 0.668, "time_on_card": 85.87, "image_views": 0, "reward": 1, "ts": 1760761596.4634628}
{"session_id": "014da10a-9774-4a17-bd93-dc85c3bc557d", "event": "poi_session_end", "poi_id": "21", "poi_name": "Seshadri Iyer Memorial Hall (State Central Library)", "variant": "audio", "audio_play_ratio": 0.53, "scroll_depth": 0.022, "time_on_card": 128.22, "image_views": 1, "reward": 0, "ts": 1760761596.463466}
{"session_id": "014da10a-9774-4a17-bd93-dc85c3bc557d", "event": "poi_session_end", "poi_id": "41", "poi_name": "KR Market", "variant": "text", "audio_play_ratio": 0.107, "scroll_depth": 0.144, "time_on_card": 114.63, "image_views": 0, "reward": 0, "ts": 1760761596.463469}
{"session_id": "014da10a-9774-4a17-bd93-dc85c3bc557d", "event": "poi_session_end", "poi_id": "63", "poi_name": "Ranga Shankara", "variant": "text", "audio_play_ratio": 0.085, "scroll_depth": 0.342, "time_on_card": 49.78, "image_views": 1, "reward": 0, "ts": 1760761596.4634721}
{"session_id": "014da10a-9774-4a17-bd93-dc85c3bc557d", "event": "poi_session_end", "poi_id": "33", "poi_name": "Shivoham Shiva Temple", "variant": "audio", "audio_play_ratio": 0.378, "scroll_depth": 0.139, "time_on_card": 104.67, "image_views": 1, "reward": 0, "ts": 1760761596.463474}
{"session_id": "014da10a-9774-4a17-bd93-dc85c3bc557d", "event": "poi_session_end", "poi_id": "42", "poi_name": "Jagannath Temple, Bangalore", "variant": "images", "audio_play_ratio": 0.037, "scroll_depth": 0.096, "time_on_card": 10.35, "image_views": 0, "reward": 0, "ts": 1760761596.463477}
{"session_id": "2df14b5e-a3f3-439f-9e8e-1ced85630592", "event": "poi_session_end", "poi_id": "43", "poi_name": "St. Mark's Cathedral", "variant": "audio", "audio_play_ratio": 0.451, "scroll_depth": 0.005, "time_on_card": 80.43, "image_views": 1, "reward": 0, "ts": 1760761596.463517}
{"session_id": "2df14b5e-a3f3-439f-9e8e-1ced85630592", "event": "poi_session_end", "poi_id": "34", "poi_name": "Chunchi Falls", "variant": "audio", "audio_play_ratio": 0.58, "scroll_depth": 0.174, "time_on_card": 102.08, "image_views": 0, "reward": 0, "ts": 1760761596.4635189}
{"session_id": "2df14b5e-a3f3-439f-9e8e-1ced85630592", "event": "poi_session_end", "poi_id": "44", "poi_name": "Holy Trinity Church", "variant": "images", "audio_play_ratio": 0.147, "scroll_depth": 0.09, "time_on_card": 97.9, "image_views": 4, "reward": 1, "ts": 1760761596.463522}
{"session_id": "2df14b5e-a3f3-439f-9e8e-1ced85630592", "event": "poi_session_end", "poi_id": "25", "poi_name": "Devanahalli Fort", "variant": "text", "audio_play_ratio": 0.052, "scroll_depth": 0.008, "time_on_card": 33.39, "image_views": 1, "reward": 0, "ts": 1760761596.463525}
{"session_id": "2df14b5e-a3f3-439f-9e8e-1ced85630592", "event": "poi_session_end", "poi_id": "6", "poi_name": "ISKCON Temple Bangalore", "variant": "audio", "audio_play_ratio": 0.427, "scroll_depth": 0.183, "time_on_card": 22.31, "image_views": 0, "reward": 0, "ts": 1760761596.463527}
{"session_id": "2df14b5e-a3f3-439f-9e8e-1ced85630592", "event": "poi_session_end", "poi_id": "30", "poi_name": "Bangalore Turf Club", "variant": "audio", "audio_play_ratio": 0.332, "scroll_depth": 0.057, "time_on_card": 13.19, "image_views": 0, "reward": 0, "ts": 1760761596.46353}
{"session_id": "4bf83759-d44a-4e18-af4d-b7be0f5ba2d6", "event": "poi_session_end", "poi_id": "57", "poi_name": "Muthyala Maduvu (Pearl Valley)", "variant": "images", "audio_play_ratio": 0.132, "scroll_depth": 0.268, "time_on_card": 95.5, "image_views": 5, "reward": 1, "ts": 1760761596.463556}
{"session_id": "4bf83759-d44a-4e18-af4d-b7be0f5ba2d6", "event": "poi_session_end", "poi_id": "47", "poi_name": "Gandhi Bhavan", "variant": "images", "audio_play_ratio": 0.039, "scroll_depth": 0.391, "time_on_card": 11.34, "image_views": 5, "reward": 1, "ts": 1760761596.463559}
{"session_id": "4bf83759-d44a-4e18-af4d-b7be0f5ba2d6", "event": "poi_session_end", "poi_id": "63", "poi_name": "Ranga Shankara", "variant": "images", "audio_play_ratio": 0.031, "scroll_depth": 0.388, "time_on_card": 11.79, "image_views": 2, "reward": 1, "ts": 1760761596.463561}
{"session_id": "4bf83759-d44a-4e18-af4d-b7be0f5ba2d6", "event": "poi_session_end", "poi_id": "67", "poi_name": "Jamia Masjid, City Market", "variant": "audio", "audio_play_ratio": 0.115, "scroll_depth": 0.012, "time_on_card": 130.64, "image_views": 0, "reward": 0, "ts": 1760761596.463564}
{"session_id": "4bf83759-d44a-4e18-af4d-b7be0f5ba2d6", "event": "poi_session_end", "poi_id": "33", "poi_name": "Shivoham Shiva Temple", "variant": "audio", "audio_play_ratio": 0.466, "scroll_depth": 0.115, "time_on_card": 8.43, "image_views": 1, "reward": 0, "ts": 1760761596.463567}
{"session_id": "4bf83759-d44a-4e18-af4d-b7be0f5ba2d6", "event": "poi_session_end", "poi_id": "2", "poi_name": "Vidhana Soudha", "variant": "images", "audio_play_ratio": 0.055, "scroll_depth": 0.204, "time_on_card": 79.34, "image_views": 2, "reward": 1, "ts": 1760761596.463569}
{"session_id": "4bf83759-d44a-4e18-af4d-b7be0f5ba2d6", "event": "poi_session_end", "poi_id": "29", "poi_name": "Ragigudda Sri Prasanna Anjaneyaswamy Temple", "variant": "text", "audio_play_ratio": 0.165, "scroll_depth": 0.466, "time_on_card": 54.76, "image_views": 0, "reward": 0, "ts": 1760761596.463572}
{"session_id": "4bf83759-d44a-4e18-af4d-b7be0f5ba2d6", "event": "poi_session_end", "poi_id": "3", "poi_name": "Lalbagh Botanical Garden", "variant": "audio", "audio_play_ratio": 0.916, "scroll_depth": 0.266, "time_on_card": 62.49, "image_views": 0, "reward": 1, "ts": 1760761596.463574}
{"session_id": "8e4097cd-0d0e-47c9-832e-17c8acb452c9", "event": "poi_session_end", "poi_id": "1", "poi_name": "Bangalore Palace", "variant": "audio", "audio_play_ratio": 0.757, "scroll_depth": 0.025, "time_on_card": 94.29, "image_views": 0, "reward": 1, "ts": 1760761596.463607}
{"session_id": "8e4097cd-0d0e-47c9-832e-17c8acb452c9", "event": "poi_session_end", "poi_id": "6", "poi_name": "ISKCON Temple Bangalore", "variant": "audio", "audio_play_ratio": 0.892, "scroll_depth": 0.033, "time_on_card": 71.2, "image_views": 1, "reward": 1, "ts": 1760761596.4636102}
{"session_id": "8e4097cd-0d0e-47c9-832e-17c8acb452c9", "event": "poi_session_end", "poi_id": "47", "poi_name": "Gandhi Bhavan", "variant": "images", "audio_play_ratio": 0.127, "scroll_depth": 0.086, "time_on_card": 85.47, "image_views": 3, "reward": 1, "ts": 1760761596.4636118}
{"session_id": "8e4097cd-0d0e-47c9-832e-17c8acb452c9", "event": "poi_session_end", "poi_id": "19", "poi_name": "Indira Gandhi Musical Fountain Park", "variant": "audio", "audio_play_ratio": 0.382, "scroll_depth": 0.137, "time_on_card": 35.65, "image_views": 0, "reward": 0, "ts": 1760761596.463615}
{"session_id": "3e2cd2ca-53d6-4c69-8e7d-e7f74197ee71", "event": "poi_session_end", "poi_id": "12", "poi_name": "Bangalore Fort", "variant": "audio", "audio_play_ratio": 0.641, "scroll_depth": 0.027, "time_on_card": 75.27, "image_views": 0, "reward": 1, "ts": 1760761596.463634}
{"session_id": "3e2cd2ca-53d6-4c69-8e7d-e7f74197ee71", "event": "poi_session_end", "poi_id": "46", "poi_name": "Indian Music Experience Museum", "variant": "audio", "audio_play_ratio": 0.944, "scroll_depth": 0.083, "time_on_card": 70.11, "image_views": 0, "reward": 1, "ts": 1760761596.4636369}
{"session_id": "3e2cd2ca-53d6-4c69-8e7d-e7f74197ee71", "event": "poi_session_end", "poi_id": "31", "poi_name": "Government Museum", "variant": "text", "audio_play_ratio": 0.02, "scroll_depth": 0.574, "time_on_card": 17.81, "image_views": 0, "reward": 0, "ts": 1760761596.46364}
{"session_id": "3e2cd2ca-53d6-4c69-8e7d-e7f74197ee71", "event": "poi_session_end", "poi_id": "10", "poi_name": "St. Mary's Basilica", "variant": "audio", "audio_play_ratio": 0.091, "scroll_depth": 0.25, "time_on_card": 122.83, "image_views": 1, "reward": 0, "ts": 1760761596.4636421}
{"session_id": "39bb0cf2-37a9-4907-836c-cd38d26d5652", "event": "poi_session_end", "poi_id": "10", "poi_name": "St. Mary's Basilica", "variant": "audio", "audio_play_ratio": 0.644, "scroll_depth": 0.245, "time_on_card": 67.15, "image_views": 0, "reward": 1, "ts": 1760761596.4636621}
{"session_id": "39bb0cf2-37a9-4907-836c-cd38d26d5652", "event": "poi_session_end", "poi_id": "58", "poi_name": "Infant Jesus Shrine, Viveknagar", "variant": "images", "audio_play_ratio": 0.143, "scroll_depth": 0.371, "time_on_card": 96.36, "image_views": 5, "reward": 1, "ts": 1760761596.463664}
{"session_id": "39bb0cf2-37a9-4907-836c-cd38d26d5652", "event": "poi_session_end", "poi_id": "18", "poi_name": "M. Chinnaswamy Stadium", "variant": "images", "audio_play_ratio": 0.103, "scroll_depth": 0.224, "time_on_card": 90.26, "image_views": 5, "reward": 1, "ts": 1760761596.463667}
{"session_id": "39bb0cf2-37a9-4907-836c-cd38d26d5652", "event": "poi_session_end", "poi_id": "67", "poi_name": "Jamia Masjid, City Market", "variant": "text", "audio_play_ratio": 0.165, "scroll_depth": 0.268, "time_on_card": 80.35, "image_views": 1, "reward": 0, "ts": 1760761596.46367}
{"session_id": "39bb0cf2-37a9-4907-836c-cd38d26d5652", "event": "poi_session_end", "poi_id": "51", "poi_name": "Hebbal Lake Park", "variant": "text", "audio_play_ratio": 0.06, "scroll_depth": 0.185, "time_on_card": 114.45, "image_views": 0, "reward": 0, "ts": 1760761596.4636722}
{"session_id": "39bb0cf2-37a9-4907-836c-cd38d26d5652", "event": "poi_session_end", "poi_id": "5", "poi_name": "Cubbon Park", "variant": "images", "audio_play_ratio": 0.157, "scroll_depth": 0.021, "time_on_card": 112.49, "image_views": 0, "reward": 0, "ts": 1760761596.4636748}
{"session_id": "39bb0cf2-37a9-4907-836c-cd38d26d5652", "event": "poi_session_end", "poi_id": "4", "poi_name": "Tipu Sultan's Summer Palace", "variant": "text", "audio_play_ratio": 0.034, "scroll_depth": 0.221, "time_on_card": 30.73, "image_views": 1, "reward": 0, "ts": 1760761596.463677}
{"session_id": "39bb0cf2-37a9-4907-836c-cd38d26d5652", "event": "poi_session_end", "poi_id": "71", "poi_name": "Chokkanathaswamy Temple, Domlur", "variant": "images", "audio_play_ratio": 0.031, "scroll_depth": 0.249, "time_on_card": 48.95, "image_views": 2, "reward": 1, "ts": 1760761596.46368}
{"session_id": "80fe4f4b-da56-4843-862a-b812018089c1", "event": "poi_session_end", "poi_id": "51", "poi_name": "Hebbal Lake Park", "variant": "images", "audio_play_ratio": 0.168, "scroll_depth": 0.058, "time_on_card": 58.3, "image_views": 4, "reward": 1, "ts": 1760761596.4637241}
{"session_id": "80fe4f4b-da56-4843-862a-b812018089c1", "event": "poi_session_end", "poi_id": "23", "poi_name": "Dodda Ganesha Temple", "variant": "images", "audio_play_ratio": 0.044, "scroll_depth": 0.351, "time_on_card": 23.77, "image_views": 3, "reward": 1, "ts": 1760761596.463727}
{"session_id": "80fe4f4b-da56-4843-862a-b812018089c1", "event": "poi_session_end", "poi_id": "59", "poi_name": "Gurudwara Sri Guru Singh Sabha, Ulsoor", "variant": "text", "audio_play_ratio": 0.197, "scroll_depth": 0.851, "time_on_card": 10.12, "image_views": 1, "reward": 1, "ts": 1760761596.4637299}
{"session_id": "80fe4f4b-da56-4843-862a-b812018089c1", "event": "poi_session_end", "poi_id": "12", "poi_name": "Bangalore Fort", "variant": "images", "audio_play_ratio": 0.173, "scroll_depth": 0.097, "time_on_card": 8.92, "image_views": 4, "reward": 1, "ts": 1760761596.463732}
{"session_id": "80fe4f4b-da56-4843-862a-b812018089c1", "event": "poi_session_end", "poi_id": "68", "poi_name": "St. Andrew's Church, Cubbon Road", "variant": "images", "audio_play_ratio": 0.087, "scroll_depth": 0.224, "time_on_card": 24.55, "image_views": 1, "reward": 0, "ts": 1760761596.463735}
{"session_id": "80fe4f4b-da56-4843-862a-b812018089c1", "event": "poi_session_end", "poi_id": "55", "poi_name": "Nrityagram Dance Village", "variant": "audio", "audio_play_ratio": 0.572, "scroll_depth": 0.041, "time_on_card": 137.19, "image_views": 1, "reward": 0, "ts": 1760761596.463737}
{"session_id": "80fe4f4b-da56-4843-862a-b812018089c1", "event": "poi_session_end", "poi_id": "9", "poi_name": "Attara Kacheri (High Court)", "variant": "audio", "audio_play_ratio": 0.219, "scroll_depth": 0.208, "time_on_card": 56.46, "image_views": 1, "reward": 0, "ts": 1760761596.4637399}
{"session_id": "80fe4f4b-da56-4843-862a-b812018089c1", "event": "poi_session_end", "poi_id": "38", "poi_name": "Indian Institute of Science (IISc)", "variant": "text", "audio_play_ratio": 0.058, "scroll_depth": 0.341, "time_on_card": 49.4, "image_views": 0, "reward": 0, "ts": 1760761596.463743}
{"session_id": "8432fa27-2766-4e2b-915f-546c7899263e", "event": "poi_session_end", "poi_id": "45", "poi_name": "Kempegowda Tower", "variant": "audio", "audio_play_ratio": 0.487, "scroll_depth": 0.131, "time_on_card": 25.97, "image_views": 1, "reward": 0, "ts": 1760761596.463776}
{"session_id": "8432fa27-2766-4e2b-915f-546c7899263e", "event": "poi_session_end", "poi_id": "71", "poi_name": "Chokkanathaswamy Temple, Domlur", "variant": "images", "audio_play_ratio": 0.174, "scroll_depth": 0.023, "time_on_card": 31.54, "image_views": 3, "reward": 1, "ts": 1760761596.463779}
{"session_id": "8432fa27-2766-4e2b-915f-546c7899263e", "event": "poi_session_end", "poi_id": "19", "poi_name": "Indira Gandhi Musical Fountain Park", "variant": "text", "audio_play_ratio": 0.163, "scroll_depth": 0.625, "time_on_card": 28.13, "image_views": 1, "reward": 1, "ts": 1760761596.463781}
{"session_id": "8432fa27-2766-4e2b-915f-546c7899263e", "event": "poi_session_end", "poi_id": "15", "poi_name": "Jawaharlal Nehru Planetarium", "variant": "text", "audio_play_ratio": 0.128, "scroll_depth": 0.281, "time_on_card": 90.1, "image_views": 0, "reward": 0, "ts": 1760761596.463784}
{"session_id": "8432fa27-2766-4e2b-915f-546c7899263e", "event": "poi_session_end", "poi_id": "70", "poi_name": "Bangalore Aquarium", "variant": "text", "audio_play_ratio": 0.1, "scroll_depth": 0.643, "time_on_card": 23.94, "image_views": 0, "reward": 1, "ts": 1760761596.463786}
{"session_id": "8432fa27-2766-4e2b-915f-546c7899263e", "event": "poi_session_end", "poi_id": "59", "poi_name": "Gurudwara Sri Guru Singh Sabha, Ulsoor", "variant": "text", "audio_play_ratio": 0.196, "scroll_depth": 0.084, "time_on_card": 16.67, "image_views": 1, "reward": 0, "ts": 1760761596.463789}
{"session_id": "8432fa27-2766-4e2b-915f-546c7899263e", "event": "poi_session_end", "poi_id": "11", "poi_name": "National Gallery of Modern Art", "variant": "audio", "audio_play_ratio": 0.348, "scroll_depth": 0.071, "time_on_card": 114.44, "image_views": 1, "reward": 0, "ts": 1760761596.463792}
{"session_id": "db811bf6-36b8-4f5f-9205-558d350daa3f", "event": "poi_session_end", "poi_id": "68", "poi_name": "St. Andrew's Church, Cubbon Road", "variant": "images", "audio_play_ratio": 0.188, "scroll_depth": 0.101, "time_on_card": 16.97, "image_views": 5, "reward": 1, "ts": 1760761596.4638212}
{"session_id": "db811bf6-36b8-4f5f-9205-558d350daa3f", "event": "poi_session_end", "poi_id": "36", "poi_name": "Thottikallu Falls (TK Falls)", "variant": "text", "audio_play_ratio": 0.19, "scroll_depth": 0.693, "time_on_card": 9.01, "image_views": 1, "reward": 1, "ts": 1760761596.4638238}
{"session_id": "db811bf6-36b8-4f5f-9205-558d350daa3f", "event": "poi_session_end", "poi_id": "44", "poi_name": "Holy Trinity Church", "variant": "text", "audio_play_ratio": 0.108, "scroll_depth": 0.559, "time_on_card": 118.13, "image_views": 1, "reward": 0, "ts": 1760761596.463826}
{"session_id": "db811bf6-36b8-4f5f-9205-558d350daa3f", "event": "poi_session_end", "poi_id": "2", "poi_name": "Vidhana Soudha", "variant": "text", "audio_play_ratio": 0.056, "scroll_depth": 0.835, "time_on_card": 55.84, "image_views": 1, "reward": 1, "ts": 1760761596.463829}
{"session_id": "db811bf6-36b8-4f5f-9205-558d350daa3f", "event": "poi_session_end", "poi_id": "31", "poi_name": "Government Museum", "variant": "text", "audio_play_ratio": 0.068, "scroll_depth": 0.071, "time_on_card": 102.7, "image_views": 1, "reward": 0, "ts": 1760761596.463831}
{"session_id": "a7b72c19-dbb7-4c8b-a020-2076f430934e", "event": "poi_session_end", "poi_id": "27", "poi_name": "Art of Living International Center", "variant": "audio", "audio_play_ratio": 0.436, "scroll_depth": 0.04, "time_on_card": 7.43, "image_views": 1, "reward": 0, "ts": 1760761596.463854}
{"session_id": "a7b72c19-dbb7-4c8b-a020-2076f430934e", "event": "poi_session_end", "poi_id": "68", "poi_name": "St. Andrew's Church, Cubbon Road", "variant": "text", "audio_play_ratio": 0.065, "scroll_depth": 0.471, "time_on_card": 83.7, "image_views": 0, "reward": 0, "ts": 1760761596.463857}
{"session_id": "a7b72c19-dbb7-4c8b-a020-2076f430934e", "event": "poi_session_end", "poi_id": "1", "poi_name": "Bangalore Palace", "variant": "audio", "audio_play_ratio": 0.5, "scroll_depth": 0.227, "time_on_card": 87.48, "image_views": 0, "reward": 0, "ts": 1760761596.4638588}
{"session_id": "a057f1a7-f049-4437-82ef-632cc41b1f29", "event": "poi_session_end", "poi_id": "33", "poi_name": "Shivoham Shiva Temple", "variant": "images", "audio_play_ratio": 0.005, "scroll_depth": 0.068, "time_on_card": 76.8, "image_views": 2, "reward": 1, "ts": 1760761596.463876}
{"session_id": "a057f1a7-f049-4437-82ef-632cc41b1f29", "event": "poi_session_end", "poi_id": "64", "poi_name": "Chowdiah Memorial Hall", "variant": "text", "audio_play_ratio": 0.11, "scroll_depth": 0.406, "time_on_card": 102.94, "image_views": 1, "reward": 0, "ts": 1760761596.463878}
{"session_id": "a057f1a7-f049-4437-82ef-632cc41b1f29", "event": "poi_session_end", "poi_id": "50", "poi_name": "Kadu Malleshwara Temple, Malleshwaram", "variant": "audio", "audio_play_ratio": 0.559, "scroll_depth": 0.15, "time_on_card": 93.09, "image_views": 1, "reward": 0, "ts": 1760761596.463881}
{"session_id": "78291fe5-e74b-4166-b37f-65f00777e78b", "event": "poi_session_end", "poi_id": "18", "poi_name": "M. Chinnaswamy Stadium", "variant": "text", "audio_play_ratio": 0.006, "scroll_depth": 0.118, "time_on_card": 92.33, "image_views": 0, "reward": 0, "ts": 1760761596.463897}
{"session_id": "78291fe5-e74b-4166-b37f-65f00777e78b", "event": "poi_session_end", "poi_id": "73", "poi_name": "Hesaraghatta Lake", "variant": "text", "audio_play_ratio": 0.197, "scroll_depth": 0.109, "time_on_card": 83.79, "image_views": 1, "reward": 0, "ts": 1760761596.463899}
{"session_id": "78291fe5-e74b-4166-b37f-65f00777e78b", "event": "poi_session_end", "poi_id": "31", "poi_name": "Government Museum", "variant": "text", "audio_play_ratio": 0.12, "scroll_depth": 0.417, "time_on_card": 63.89, "image_views": 0, "reward": 0, "ts": 1760761596.463902}
{"session_id": "78291fe5-e74b-4166-b37f-65f00777e78b", "event": "poi_session_end", "poi_id": "45", "poi_name": "Kempegowda Tower", "variant": "text", "audio_play_ratio": 0.04, "scroll_depth": 0.758, "time_on_card": 87.63, "image_views": 1, "reward": 1, "ts": 1760761596.463904}
{"session_id": "78291fe5-e74b-4166-b37f-65f00777e78b", "event": "poi_session_end", "poi_id": "44", "poi_name": "Holy Trinity Church", "variant": "text", "audio_play_ratio": 0.06, "scroll_depth": 0.496, "time_on_card": 103.03, "image_views": 0, "reward": 0, "ts": 1760761596.463907}
{"session_id": "78291fe5-e74b-4166-b37f-65f00777e78b", "event": "poi_session_end", "poi_id": "24", "poi_name": "Sankey Tank", "variant": "images", "audio_play_ratio": 0.029, "scroll_depth": 0.179, "time_on_card": 102.31, "image_views": 0, "reward": 0, "ts": 1760761596.4639091}
{"session_id": "78291fe5-e74b-4166-b37f-65f00777e78b", "event": "poi_session_end", "poi_id": "61", "poi_name": "Lumbini Gardens", "variant": "text", "audio_play_ratio": 0.002, "scroll_depth": 0.568, "time_on_card": 44.02, "image_views": 1, "reward": 0, "ts": 1760761596.463912}
{"session_id": "757dce3e-2a9f-42ea-938e-67204e2d9751", "event": "poi_session_end", "poi_id": "70", "poi_name": "Bangalore Aquarium", "variant": "images", "audio_play_ratio": 0.005, "scroll_depth": 0.279, "time_on_card": 22.33, "image_views": 5, "reward": 1, "ts": 1760761596.4639528}
{"session_id": "757dce3e-2a9f-42ea-938e-67204e2d9751", "event": "poi_session_end", "poi_id": "70", "poi_name": "Bangalore Aquarium", "variant": "audio", "audio_play_ratio": 0.58, "scroll_depth": 0.299, "time_on_card": 74.13, "image_views": 1, "reward": 0, "ts": 1760761596.4639559}
{"session_id": "757dce3e-2a9f-42ea-938e-67204e2d9751", "event": "poi_session_end", "poi_id": "7", "poi_name": "Bull Temple (Dodda Basavana Gudi)", "variant": "images", "audio_play_ratio": 0.035, "scroll_depth": 0.27, "time_on_card": 73.03, "image_views": 1, "reward": 0, "ts": 1760761596.463958}
{"session_id": "757dce3e-2a9f-42ea-938e-67204e2d9751", "event": "poi_session_end", "poi_id": "18", "poi_name": "M. Chinnaswamy Stadium", "variant": "text", "audio_play_ratio": 0.044, "scroll_depth": 0.19, "time_on_card": 52.4, "image_views": 1, "reward": 0, "ts": 1760761596.4639611}
{"session_id": "5dc25e93-4c42-4367-87a8-dc1aaaeb7f3d", "event": "poi_session_end", "poi_id": "72", "poi_name": "Karnataka Folk Museum", "variant": "audio", "audio_play_ratio": 0.677, "scroll_depth": 0.023, "time_on_card": 31.92, "image_views": 1, "reward": 1, "ts": 1760761596.46398}
{"session_id": "5dc25e93-4c42-4367-87a8-dc1aaaeb7f3d", "event": "poi_session_end", "poi_id": "14", "poi_name": "HAL Heritage Centre and Aerospace Museum", "variant": "audio", "audio_play_ratio": 0.801, "scroll_depth": 0.144, "time_on_card": 94.34, "image_views": 0, "reward": 1, "ts": 1760761596.463983}
{"session_id": "5dc25e93-4c42-4367-87a8-dc1aaaeb7f3d", "event": "poi_session_end", "poi_id": "66", "poi_name": "NIMHANS Brain Museum", "variant": "audio", "audio_play_ratio": 0.294, "scroll_depth": 0.036, "time_on_card": 89.23, "image_views": 1, "reward": 0, "ts": 1760761596.463986}
{"session_id": "5dc25e93-4c42-4367-87a8-dc1aaaeb7f3d", "event": "poi_session_end", "poi_id": "45", "poi_name": "Kempegowda Tower", "variant": "text", "audio_play_ratio": 0.079, "scroll_depth": 0.667, "time_on_card": 58.71, "image_views": 0, "reward": 1, "ts": 1760761596.463988}
{"session_id": "5dc25e93-4c42-4367-87a8-dc1aaaeb7f3d", "event": "poi_session_end", "poi_id": "46", "poi_name": "Indian Music Experience Museum", "variant": "images", "audio_play_ratio": 0.084, "scroll_depth": 0.167, "time_on_card": 32.5, "image_views": 4, "reward": 1, "ts": 1760761596.463991}
{"session_id": "05cd3be3-2923-4a82-bcc4-9870e0dae9f9", "event": "poi_session_end", "poi_id": "55", "poi_name": "Nrityagram Dance Village", "variant": "audio", "audio_play_ratio": 0.644, "scroll_depth": 0.059, "time_on_card": 50.62, "image_views": 1, "reward": 1, "ts": 1760761596.464014}
{"session_id": "05cd3be3-2923-4a82-bcc4-9870e0dae9f9", "event": "poi_session_end", "poi_id": "15", "poi_name": "Jawaharlal Nehru Planetarium", "variant": "audio", "audio_play_ratio": 0.54, "scroll_depth": 0.257, "time_on_card": 140.46, "image_views": 1, "reward": 0, "ts": 1760761596.464017}
{"session_id": "05cd3be3-2923-4a82-bcc4-9870e0dae9f9", "event": "poi_session_end", "poi_id": "54", "poi_name": "Skandagiri Hills", "variant": "images", "audio_play_ratio": 0.093, "scroll_depth": 0.242, "time_on_card": 73.32, "image_views": 5, "reward": 1, "ts": 1760761596.464019}
{"session_id": "235c0abd-a60a-4d9a-95f5-c4d06198f9fd", "event": "poi_session_end", "poi_id": "22", "poi_name": "Bangalore Town Hall", "variant": "text", "audio_play_ratio": 0.193, "scroll_depth": 0.019, "time_on_card": 18.37, "image_views": 1, "reward": 0, "ts": 1760761596.464035}
{"session_id": "235c0abd-a60a-4d9a-95f5-c4d06198f9fd", "event": "poi_session_end", "poi_id": "14", "poi_name": "HAL Heritage Centre and Aerospace Museum", "variant": "images", "audio_play_ratio": 0.195, "scroll_depth": 0.39, "time_on_card": 37.65, "image_views": 5, "reward": 1, "ts": 1760761596.464038}
{"session_id": "235c0abd-a60a-4d9a-95f5-c4d06198f9fd", "event": "poi_session_end", "poi_id": "6", "poi_name": "ISKCON Temple Bangalore", "variant": "text", "audio_play_ratio": 0.148, "scroll_depth": 0.874, "time_on_card": 113.56, "image_views": 1, "reward": 1, "ts": 1760761596.46404}
{"session_id": "235c0abd-a60a-4d9a-95f5-c4d06198f9fd", "event": "poi_session_end", "poi_id": "72", "poi_name": "Karnataka Folk Museum", "variant": "images", "audio_play_ratio": 0.119, "scroll_depth": 0.184, "time_on_card": 39.13, "image_views": 0, "reward": 0, "ts": 1760761596.464043}
{"session_id": "235c0abd-a60a-4d9a-95f5-c4d06198f9fd", "event": "poi_session_end", "poi_id": "1", "poi_name": "Bangalore Palace", "variant": "audio", "audio_play_ratio": 0.616, "scroll_depth": 0.004, "time_on_card": 89.74, "image_views": 0, "reward": 1, "ts": 1760761596.4640682}
{"session_id": "235c0abd-a60a-4d9a-95f5-c4d06198f9fd", "event": "poi_session_end", "poi_id": "3", "poi_name": "Lalbagh Botanical Garden", "variant": "images", "audio_play_ratio": 0.197, "scroll_depth": 0.323, "time_on_card": 68.0, "image_views": 4, "reward": 1, "ts": 1760761596.464112}
{"session_id": "2a99e9ca-e813-4200-8fad-f17089d1c859", "event": "poi_session_end", "poi_id": "35", "poi_name": "Mekedatu", "variant": "images", "audio_play_ratio": 0.071, "scroll_depth": 0.021, "time_on_card": 54.22, "image_views": 1, "reward": 0, "ts": 1760761596.4641678}
{"session_id": "2a99e9ca-e813-4200-8fad-f17089d1c859", "event": "poi_session_end", "poi_id": "37", "poi_name": "Bangalore University", "variant": "images", "audio_play_ratio": 0.072, "scroll_depth": 0.068, "time_on_card": 64.94, "image_views": 0, "reward": 0, "ts": 1760761596.464171}
{"session_id": "2a99e9ca-e813-4200-8fad-f17089d1c859", "event": "poi_session_end", "poi_id": "27", "poi_name": "Art of Living International Center", "variant": "text", "audio_play_ratio": 0.029, "scroll_depth": 0.705, "time_on_card": 80.04, "image_views": 1, "reward": 1, "ts": 1760761596.464175}
{"session_id": "113125bd-543e-4c73-92de-fb223e56958c", "event": "poi_session_end", "poi_id": "26", "poi_name": "Bannerghatta Biological Park", "variant": "text", "audio_play_ratio": 0.159, "scroll_depth": 0.372, "time_on_card": 73.95, "image_views": 1, "reward": 0, "ts": 1760761596.4641962}
{"session_id": "113125bd-543e-4c73-92de-fb223e56958c", "event": "poi_session_end", "poi_id": "15", "poi_name": "Jawaharlal Nehru Planetarium", "variant": "text", "audio_play_ratio": 0.136, "scroll_depth": 0.638, "time_on_card": 101.66, "image_views": 0, "reward": 1, "ts": 1760761596.4641988}
{"session_id": "113125bd-543e-4c73-92de-fb223e56958c", "event": "poi_session_end", "poi_id": "50", "poi_name": "Kadu Malleshwara Temple, Malleshwaram", "variant": "text", "audio_play_ratio": 0.109, "scroll_depth": 0.6, "time_on_card": 39.53, "image_views": 0, "reward": 0, "ts": 1760761596.464202}
{"session_id": "113125bd-543e-4c73-92de-fb223e56958c", "event": "poi_session_end", "poi_id": "13", "poi_name": "Gavi Gangadhareshwara Temple", "variant": "audio", "audio_play_ratio": 0.77, "scroll_depth": 0.006, "time_on_card": 125.78, "image_views": 0, "reward": 1, "ts": 1760761596.464204}
{"session_id": "113125bd-543e-4c73-92de-fb223e56958c", "event": "poi_session_end", "poi_id": "13", "poi_name": "Gavi Gangadhareshwara Temple", "variant": "text", "audio_play_ratio": 0.076, "scroll_depth": 0.56, "time_on_card": 37.52, "image_views": 0, "reward": 0, "ts": 1760761596.4642072}
{"session_id": "113125bd-543e-4c73-92de-fb223e56958c", "event": "poi_session_end", "poi_id": "52", "poi_name": "Madiwala Lake", "variant": "audio", "audio_play_ratio": 0.751, "scroll_depth": 0.213, "time_on_card": 112.95, "image_views": 1, "reward": 1, "ts": 1760761596.46421}
{"session_id": "113125bd-543e-4c73-92de-fb223e56958c", "event": "poi_session_end", "poi_id": "48", "poi_name": "Kempegowda Museum", "variant": "images", "audio_play_ratio": 0.03, "scroll_depth": 0.308, "time_on_card": 52.27, "image_views": 2, "reward": 1, "ts": 1760761596.464212}
{"session_id": "113125bd-543e-4c73-92de-fb223e56958c", "event": "poi_session_end", "poi_id": "39", "poi_name": "National Law School of India University (NLSIU)", "variant": "audio", "audio_play_ratio": 0.313, "scroll_depth": 0.172, "time_on_card": 86.41, "image_views": 1, "reward": 0, "ts": 1760761596.464215}
{"session_id": "46cb1965-747a-4d3b-a974-eb197caba44f", "event": "poi_session_end", "poi_id": "43", "poi_name": "St. Mark's Cathedral", "variant": "text", "audio_play_ratio": 0.07, "scroll_depth": 0.039, "time_on_card": 52.6, "image_views": 1, "reward": 0, "ts": 1760761596.464273}
{"session_id": "46cb1965-747a-4d3b-a974-eb197caba44f", "event": "poi_session_end", "poi_id": "23", "poi_name": "Dodda Ganesha Temple", "variant": "images", "audio_play_ratio": 0.189, "scroll_depth": 0.399, "time_on_card": 96.15, "image_views": 0, "reward": 0, "ts": 1760761596.464276}
{"session_id": "46cb1965-747a-4d3b-a974-eb197caba44f", "event": "poi_session_end", "poi_id": "58", "poi_name": "Infant Jesus Shrine, Viveknagar", "variant": "images", "audio_play_ratio": 0.024, "scroll_depth": 0.159, "time_on_card": 71.26, "image_views": 0, "reward": 0, "ts": 1760761596.464279}
{"session_id": "b7cdfd51-34e7-45c3-978c-99e619b4c52e", "event": "poi_session_end", "poi_id": "30", "poi_name": "Bangalore Turf Club", "variant": "audio", "audio_play_ratio": 0.142, "scroll_depth": 0.092, "time_on_card": 8.05, "image_views": 1, "reward": 0, "ts": 1760761596.4642959}
{"session_id": "b7cdfd51-34e7-45c3-978c-99e619b4c52e", "event": "poi_session_end", "poi_id": "43", "poi_name": "St. Mark's Cathedral", "variant": "images", "audio_play_ratio": 0.14, "scroll_depth": 0.202, "time_on_card": 73.43, "image_views": 0, "reward": 0, "ts": 1760761596.464299}
{"session_id": "b7cdfd51-34e7-45c3-978c-99e619b4c52e", "event": "poi_session_end", "poi_id": "42", "poi_name": "Jagannath Temple, Bangalore", "variant": "text", "audio_play_ratio": 0.18, "scroll_depth": 0.704, "time_on_card": 68.53, "image_views": 1, "reward": 1, "ts": 1760761596.464302}
{"session_id": "db5871ef-b065-4fb0-b3cc-eb6198dc911b", "event": "poi_session_end", "poi_id": "71", "poi_name": "Chokkanathaswamy Temple, Domlur", "variant": "text", "audio_play_ratio": 0.196, "scroll_depth": 0.221, "time_on_card": 46.31, "image_views": 0, "reward": 0, "ts": 1760761596.464319}
{"session_id": "db5871ef-b065-4fb0-b3cc-eb6198dc911b", "event": "poi_session_end", "poi_id": "22", "poi_name": "Bangalore Town Hall", "variant": "text", "audio_play_ratio": 0.009, "scroll_depth": 0.11, "time_on_card": 34.49, "image_views": 0, "reward": 0, "ts": 1760761596.4643211}
{"session_id": "db5871ef-b065-4fb0-b3cc-eb6198dc911b", "event": "poi_session_end", "poi_id": "39", "poi_name": "National Law School of India University (NLSIU)", "variant": "audio", "audio_play_ratio": 0.442, "scroll_depth": 0.059, "time_on_card": 113.66, "image_views": 1, "reward": 0, "ts": 1760761596.464324}
{"session_id": "db5871ef-b065-4fb0-b3cc-eb6198dc911b", "event": "poi_session_end", "poi_id": "13", "poi_name": "Gavi Gangadhareshwara Temple", "variant": "images", "audio_play_ratio": 0.156, "scroll_depth": 0.175, "time_on_card": 64.31, "image_views": 3, "reward": 1, "ts": 1760761596.4643269}
{"session_id": "41ded9ee-c4fd-41de-a552-46207ea5ae91", "event": "poi_session_end", "poi_id": "30", "poi_name": "Bangalore Turf Club", "variant": "audio", "audio_play_ratio": 0.455, "scroll_depth": 0.245, "time_on_card": 114.71, "image_views": 1, "reward": 0, "ts": 1760761596.464347}
{"session_id": "41ded9ee-c4fd-41de-a552-46207ea5ae91", "event": "poi_session_end", "poi_id": "21", "poi_name": "Seshadri Iyer Memorial Hall (State Central Library)", "variant": "text", "audio_play_ratio": 0.144, "scroll_depth": 0.123, "time_on_card": 114.89, "image_views": 0, "reward": 0, "ts": 1760761596.46435}
{"session_id": "41ded9ee-c4fd-41de-a552-46207ea5ae91", "event": "poi_session_end", "poi_id": "33", "poi_name": "Shivoham Shiva Temple", "variant": "text", "audio_play_ratio": 0.017, "scroll_depth": 0.869, "time_on_card": 89.0, "image_views": 0, "reward": 1, "ts": 1760761596.464352}
{"session_id": "41ded9ee-c4fd-41de-a552-46207ea5ae91", "event": "poi_session_end", "poi_id": "64", "poi_name": "Chowdiah Memorial Hall", "variant": "text", "audio_play_ratio": 0.066, "scroll_depth": 0.136, "time_on_card": 21.1, "image_views": 0, "reward": 0, "ts": 1760761596.464355}
{"session_id": "41ded9ee-c4fd-41de-a552-46207ea5ae91", "event": "poi_session_end", "poi_id": "40", "poi_name": "Kanteerava Indoor Stadium", "variant": "text", "audio_play_ratio": 0.132, "scroll_depth": 0.175, "time_on_card": 116.24, "image_views": 0, "reward": 0, "ts": 1760761596.4643571}
{"session_id": "46604f23-a99a-4426-82ed-47eb5b143a48", "event": "poi_session_end", "poi_id": "64", "poi_name": "Chowdiah Memorial Hall", "variant": "audio", "audio_play_ratio": 0.272, "scroll_depth": 0.08, "time_on_card": 74.27, "image_views": 0, "reward": 0, "ts": 1760761596.464381}
{"session_id": "46604f23-a99a-4426-82ed-47eb5b143a48", "event": "poi_session_end", "poi_id": "71", "poi_name": "Chokkanathaswamy Temple, Domlur", "variant": "images", "audio_play_ratio": 0.005, "scroll_depth": 0.037, "time_on_card": 24.87, "image_views": 3, "reward": 1, "ts": 1760761596.464383}
{"session_id": "46604f23-a99a-4426-82ed-47eb5b143a48", "event": "poi_session_end", "poi_id": "44", "poi_name": "Holy Trinity Church", "variant": "text", "audio_play_ratio": 0.115, "scroll_depth": 0.904, "time_on_card": 68.35, "image_views": 0, "reward": 1, "ts": 1760761596.464386}
{"session_id": "46604f23-a99a-4426-82ed-47eb5b143a48", "event": "poi_session_end", "poi_id": "63", "poi_name": "Ranga Shankara", "variant": "text", "audio_play_ratio": 0.027, "scroll_depth": 0.088, "time_on_card": 86.37, "image_views": 1, "reward": 0, "ts": 1760761596.4643881}
{"session_id": "46604f23-a99a-4426-82ed-47eb5b143a48", "event": "poi_session_end", "poi_id": "72", "poi_name": "Karnataka Folk Museum", "variant": "audio", "audio_play_ratio": 0.668, "scroll_depth": 0.008, "time_on_card": 73.9, "image_views": 1, "reward": 1, "ts": 1760761596.464391}
{"session_id": "46604f23-a99a-4426-82ed-47eb5b143a48", "event": "poi_session_end", "poi_id": "4", "poi_name": "Tipu Sultan's Summer Palace", "variant": "images", "audio_play_ratio": 0.141, "scroll_depth": 0.286, "time_on_card": 60.66, "image_views": 4, "reward": 1, "ts": 1760761596.464393}
{"session_id": "9c01288b-f361-4431-9043-cc990ab05bd8", "event": "poi_session_end", "poi_id": "34", "poi_name": "Chunchi Falls", "variant": "text", "audio_play_ratio": 0.004, "scroll_depth": 0.104, "time_on_card": 72.26, "image_views": 1, "reward": 0, "ts": 1760761596.464421}
{"session_id": "9c01288b-f361-4431-9043-cc990ab05bd8", "event": "poi_session_end", "poi_id": "64", "poi_name": "Chowdiah Memorial Hall", "variant": "text", "audio_play_ratio": 0.194, "scroll_depth": 0.326, "time_on_card": 35.72, "image_views": 0, "reward": 0, "ts": 1760761596.464423}
{"session_id": "9c01288b-f361-4431-9043-cc990ab05bd8", "event": "poi_session_end", "poi_id": "8", "poi_name": "Visvesvaraya Industrial & Technological Museum", "variant": "images", "audio_play_ratio": 0.168, "scroll_depth": 0.302, "time_on_card": 36.51, "image_views": 4, "reward": 1, "ts": 1760761596.464427}
{"session_id": "b3751708-ff55-4886-98eb-b15aa5bd7eaf", "event": "poi_session_end", "poi_id": "59", "poi_name": "Gurudwara Sri Guru Singh Sabha, Ulsoor", "variant": "audio", "audio_play_ratio": 0.113, "scroll_depth": 0.28, "time_on_card": 96.87, "image_views": 1, "reward": 0, "ts": 1760761596.4644601}
{"session_id": "b3751708-ff55-4886-98eb-b15aa5bd7eaf", "event": "poi_session_end", "poi_id": "50", "poi_name": "Kadu Malleshwara Temple, Malleshwaram", "variant": "text", "audio_play_ratio": 0.027, "scroll_depth": 0.926, "time_on_card": 39.31, "image_views": 0, "reward": 1, "ts": 1760761596.464462}
{"session_id": "b3751708-ff55-4886-98eb-b15aa5bd7eaf", "event": "poi_session_end", "poi_id": "71", "poi_name": "Chokkanathaswamy Temple, Domlur", "variant": "images", "audio_play_ratio": 0.023, "scroll_depth": 0.156, "time_on_card": 42.33, "image_views": 1, "reward": 0, "ts": 1760761596.464465}
{"session_id": "b3751708-ff55-4886-98eb-b15aa5bd7eaf", "event": "poi_session_end", "poi_id": "42", "poi_name": "Jagannath Temple, Bangalore", "variant": "images", "audio_play_ratio": 0.152, "scroll_depth": 0.018, "time_on_card": 60.64, "image_views": 0, "reward": 0, "ts": 1760761596.464467}
{"session_id": "b3751708-ff55-4886-98eb-b15aa5bd7eaf", "event": "poi_session_end", "poi_id": "23", "poi_name": "Dodda Ganesha Temple", "variant": "text", "audio_play_ratio": 0.167, "scroll_depth": 0.672, "time_on_card": 30.57, "image_views": 0, "reward": 1, "ts": 1760761596.46447}
{"session_id": "b3751708-ff55-4886-98eb-b15aa5bd7eaf", "event": "poi_session_end", "poi_id": "42", "poi_name": "Jagannath Temple, Bangalore", "variant": "text", "audio_play_ratio": 0.014, "scroll_depth": 0.144, "time_on_card": 36.89, "image_views": 1, "reward": 0, "ts": 1760761596.464472}
{"session_id": "fa703f27-c61c-4474-9001-95e886743a2d", "event": "poi_session_end", "poi_id": "37", "poi_name": "Bangalore University", "variant": "text", "audio_play_ratio": 0.042, "scroll_depth": 0.813, "time_on_card": 65.19, "image_views": 1, "reward": 1, "ts": 1760761596.464499}
{"session_id": "fa703f27-c61c-4474-9001-95e886743a2d", "event": "poi_session_end", "poi_id": "5", "poi_name": "Cubbon Park", "variant": "text", "audio_play_ratio": 0.079, "scroll_depth": 0.49, "time_on_card": 101.73, "image_views": 0, "reward": 0, "ts": 1760761596.464502}
{"session_id": "fa703f27-c61c-4474-9001-95e886743a2d", "event": "poi_session_end", "poi_id": "74", "poi_name": "Janapada Loka", "variant": "audio", "audio_play_ratio": 0.637, "scroll_depth": 0.22, "time_on_card": 142.42, "image_views": 0, "reward": 1, "ts": 1760761596.4645052}
{"session_id": "fa703f27-c61c-4474-9001-95e886743a2d", "event": "poi_session_end", "poi_id": "22", "poi_name": "Bangalore Town Hall", "variant": "text", "audio_play_ratio": 0.044, "scroll_depth": 0.604, "time_on_card": 108.64, "image_views": 1, "reward": 1, "ts": 1760761596.4645069}
{"session_id": "0e26d2dd-09d8-4ac7-bbf8-6e78595daf8b", "event": "poi_session_end", "poi_id": "46", "poi_name": "Indian Music Experience Museum", "variant": "text", "audio_play_ratio": 0.135, "scroll_depth": 0.618, "time_on_card": 119.31, "image_views": 1, "reward": 1, "ts": 1760761596.464552}
{"session_id": "0e26d2dd-09d8-4ac7-bbf8-6e78595daf8b", "event": "poi_session_end", "poi_id": "19", "poi_name": "Indira Gandhi Musical Fountain Park", "variant": "images", "audio_play_ratio": 0.066, "scroll_depth": 0.355, "time_on_card": 110.77, "image_views": 2, "reward": 1, "ts": 1760761596.4645572}
{"session_id": "0e26d2dd-09d8-4ac7-bbf8-6e78595daf8b", "event": "poi_session_end", "poi_id": "73", "poi_name": "Hesaraghatta Lake", "variant": "text", "audio_play_ratio": 0.05, "scroll_depth": 0.088, "time_on_card": 35.04, "image_views": 0, "reward": 0, "ts": 1760761596.46456}
{"session_id": "0e26d2dd-09d8-4ac7-bbf8-6e78595daf8b", "event": "poi_session_end", "poi_id": "64", "poi_name": "Chowdiah Memorial Hall", "variant": "images", "audio_play_ratio": 0.108, "scroll_depth": 0.305, "time_on_card": 89.34, "image_views": 2, "reward": 1, "ts": 1760761596.464563}
{"session_id": "0e26d2dd-09d8-4ac7-bbf8-6e78595daf8b", "event": "poi_session_end", "poi_id": "18", "poi_name": "M. Chinnaswamy Stadium", "variant": "text", "audio_play_ratio": 0.047, "scroll_depth": 0.317, "time_on_card": 33.17, "image_views": 1, "reward": 0, "ts": 1760761596.464566}
{"session_id": "0e26d2dd-09d8-4ac7-bbf8-6e78595daf8b", "event": "poi_session_end", "poi_id": "28", "poi_name": "Pyramid Valley International", "variant": "text", "audio_play_ratio": 0.199, "scroll_depth": 0.262, "time_on_card": 30.49, "image_views": 0, "reward": 0, "ts": 1760761596.464569}
{"session_id": "802bf689-4789-4bf6-ae0f-f1fdf6c83568", "event": "poi_session_end", "poi_id": "19", "poi_name": "Indira Gandhi Musical Fountain Park", "variant": "text", "audio_play_ratio": 0.094, "scroll_depth": 0.3, "time_on_card": 45.51, "image_views": 0, "reward": 0, "ts": 1760761596.464609}
{"session_id": "802bf689-4789-4bf6-ae0f-f1fdf6c83568", "event": "poi_session_end", "poi_id": "24", "poi_name": "Sankey Tank", "variant": "audio", "audio_play_ratio": 0.235, "scroll_depth": 0.147, "time_on_card": 126.52, "image_views": 1, "reward": 0, "ts": 1760761596.4646132}
{"session_id": "802bf689-4789-4bf6-ae0f-f1fdf6c83568", "event": "poi_session_end", "poi_id": "29", "poi_name": "Ragigudda Sri Prasanna Anjaneyaswamy Temple", "variant": "text", "audio_play_ratio": 0.072, "scroll_depth": 0.259, "time_on_card": 66.6, "image_views": 0, "reward": 0, "ts": 1760761596.4646158}
{"session_id": "73c93b04-208d-4fca-a6fd-810c6c5603bf", "event": "poi_session_end", "poi_id": "20", "poi_name": "Freedom Park", "variant": "images", "audio_play_ratio": 0.193, "scroll_depth": 0.395, "time_on_card": 107.35, "image_views": 1, "reward": 0, "ts": 1760761596.464635}
{"session_id": "73c93b04-208d-4fca-a6fd-810c6c5603bf", "event": "poi_session_end", "poi_id": "71", "poi_name": "Chokkanathaswamy Temple, Domlur", "variant": "images", "audio_play_ratio": 0.183, "scroll_depth": 0.206, "time_on_card": 62.23, "image_views": 0, "reward": 0, "ts": 1760761596.464638}
{"session_id": "73c93b04-208d-4fca-a6fd-810c6c5603bf", "event": "poi_session_end", "poi_id": "17", "poi_name": "Karnataka Chitrakala Parishath", "variant": "audio", "audio_play_ratio": 0.774, "scroll_depth": 0.19, "time_on_card": 93.31, "image_views": 1, "reward": 1, "ts": 1760761596.46464}
{"session_id": "73c93b04-208d-4fca-a6fd-810c6c5603bf", "event": "poi_session_end", "poi_id": "20", "poi_name": "Freedom Park", "variant": "text", "audio_play_ratio": 0.094, "scroll_depth": 0.722, "time_on_card": 48.15, "image_views": 0, "reward": 1, "ts": 1760761596.464643}
{"session_id": "73c93b04-208d-4fca-a6fd-810c6c5603bf", "event": "poi_session_end", "poi_id": "16", "poi_name": "Ulsoor Lake", "variant": "audio", "audio_play_ratio": 0.62, "scroll_depth": 0.047, "time_on_card": 23.6, "image_views": 1, "reward": 1, "ts": 1760761596.4646459}
{"session_id": "73c93b04-208d-4fca-a6fd-810c6c5603bf", "event": "poi_session_end", "poi_id": "1", "poi_name": "Bangalore Palace", "variant": "images", "audio_play_ratio": 0.01, "scroll_depth": 0.176, "time_on_card": 109.75, "image_views": 3, "reward": 1, "ts": 1760761596.464648}
{"session_id": "2ebff262-b1e1-41d7-9ce6-9a874ae0b690", "event": "poi_session_end", "poi_id": "24", "poi_name": "Sankey Tank", "variant": "images", "audio_play_ratio": 0.015, "scroll_depth": 0.217, "time_on_card": 46.95, "image_views": 2, "reward": 1, "ts": 1760761596.464677}
{"session_id": "2ebff262-b1e1-41d7-9ce6-9a874ae0b690", "event": "poi_session_end", "poi_id": "52", "poi_name": "Madiwala Lake", "variant": "audio", "audio_play_ratio": 0.535, "scroll_depth": 0.087, "time_on_card": 66.74, "image_views": 0, "reward": 0, "ts": 1760761596.46468}
{"session_id": "2ebff262-b1e1-41d7-9ce6-9a874ae0b690", "event": "poi_session_end", "poi_id": "31", "poi_name": "Government Museum", "variant": "audio", "audio_play_ratio": 0.524, "scroll_depth": 0.13, "time_on_card": 56.81, "image_views": 0, "reward": 0, "ts": 1760761596.464682}
{"session_id": "2ebff262-b1e1-41d7-9ce6-9a874ae0b690", "event": "poi_session_end", "poi_id": "26", "poi_name": "Bannerghatta Biological Park", "variant": "text", "audio_play_ratio": 0.007, "scroll_depth": 0.889, "time_on_card": 40.58, "image_views": 0, "reward": 1, "ts": 1760761596.464685}
{"session_id": "2ebff262-b1e1-41d7-9ce6-9a874ae0b690", "event": "poi_session_end", "poi_id": "63", "poi_name": "Ranga Shankara", "variant": "images", "audio_play_ratio": 0.15, "scroll_depth": 0.251, "time_on_card": 113.29, "image_views": 2, "reward": 1, "ts": 1760761596.464687}
{"session_id": "2ebff262-b1e1-41d7-9ce6-9a874ae0b690", "event": "poi_session_end", "poi_id": "38", "poi_name": "Indian Institute of Science (IISc)", "variant": "images", "audio_play_ratio": 0.167, "scroll_depth": 0.174, "time_on_card": 33.4, "image_views": 5, "reward": 1, "ts": 1760761596.46469}
{"session_id": "db05c80a-adcf-4c58-b92f-16c1d04031d9", "event": "poi_session_end", "poi_id": "32", "poi_name": "Nandi Hills", "variant": "images", "audio_play_ratio": 0.198, "scroll_depth": 0.373, "time_on_card": 5.1, "image_views": 5, "reward": 1, "ts": 1760761596.464742}
{"session_id": "db05c80a-adcf-4c58-b92f-16c1d04031d9", "event": "poi_session_end", "poi_id": "53", "poi_name": "Savandurga Hill", "variant": "images", "audio_play_ratio": 0.049, "scroll_depth": 0.075, "time_on_card": 58.9, "image_views": 5, "reward": 1, "ts": 1760761596.464745}
{"session_id": "db05c80a-adcf-4c58-b92f-16c1d04031d9", "event": "poi_session_end", "poi_id": "40", "poi_name": "Kanteerava Indoor Stadium", "variant": "audio", "audio_play_ratio": 0.134, "scroll_depth": 0.202, "time_on_card": 48.02, "image_views": 0, "reward": 0, "ts": 1760761596.464747}
{"session_id": "db05c80a-adcf-4c58-b92f-16c1d04031d9", "event": "poi_session_end", "poi_id": "25", "poi_name": "Devanahalli Fort", "variant": "images", "audio_play_ratio": 0.076, "scroll_depth": 0.142, "time_on_card": 45.15, "image_views": 0, "reward": 0, "ts": 1760761596.46475}
{"session_id": "db05c80a-adcf-4c58-b92f-16c1d04031d9", "event": "poi_session_end", "poi_id": "37", "poi_name": "Bangalore University", "variant": "audio", "audio_play_ratio": 0.318, "scroll_depth": 0.223, "time_on_card": 129.52, "image_views": 0, "reward": 0, "ts": 1760761596.4647522}
{"session_id": "db05c80a-adcf-4c58-b92f-16c1d04031d9", "event": "poi_session_end", "poi_id": "27", "poi_name": "Art of Living International Center", "variant": "images", "audio_play_ratio": 0.177, "scroll_depth": 0.351, "time_on_card": 114.56, "image_views": 4, "reward": 1, "ts": 1760761596.464755}
{"session_id": "db05c80a-adcf-4c58-b92f-16c1d04031d9", "event": "poi_session_end", "poi_id": "20", "poi_name": "Freedom Park", "variant": "audio", "audio_play_ratio": 0.106, "scroll_depth": 0.28, "time_on_card": 13.15, "image_views": 0, "reward": 0, "ts": 1760761596.464757}
